[globalzenithagency.site/index.html]
[backblue.gif]
[fade.gif]
[index.html]
[globalzenithagency.site/images/WhatsApp Image 2025-12-18 at 12.44.51 PM.jpg]
[cdn.jsdelivr.net/npm/bootstrap@5.3.0/dist/css/bootstrap.min.css]
[cdn.jsdelivr.net/npm/bootstrap-icons@1.10.5/font/bootstrap-icons.css]
[cdnjs.cloudflare.com/ajax/libs/font-awesome/6.4.0/css/all.min.css]
[unpkg.com/aos@2.3.1/dist/aos.css]
[globalzenithagency.site/images/Global Zenith Agency   AA.png]
[globalzenithagency.site/services.html]
[globalzenithagency.site/services/google-ads.html]
[globalzenithagency.site/services/web-design.html]
[globalzenithagency.site/services/seo.html]
[globalzenithagency.site/services/product-advertising.html]
[globalzenithagency.site/services/game-development.html]
[globalzenithagency.site/services/graphic-design.html]
[globalzenithagency.site/services/social-media.html]
[globalzenithagency.site/services/ecommerce.html]
[globalzenithagency.site/services/deployment.html]
[globalzenithagency.site/about.html]
[globalzenithagency.site/contact.html]
[globalzenithagency.site/services/graphic-designt]
[globalzenithagency.site/images/pexels-canvastudio-3194519.jpg]
[globalzenithagency.site/images/aboutsection.webp]
[globalzenithagency.site/services/mobile-apps]
[globalzenithagency.site/images/why-choose-us-bg.jpg]
[www.redspider.ae/wp-content/themes/redspider/images/about_back.png]
[randomuser.me/api/portraits/men/32.jpg]
[randomuser.me/api/portraits/women/44.jpg]
[randomuser.me/api/portraits/men/67.jpg]
[randomuser.me/api/portraits/women/68.jpg]
[randomuser.me/api/portraits/men/45.jpg]
[randomuser.me/api/portraits/men/28.jpg]
[globalzenithagency.site/images/google-ads-image.jpg]
[globalzenithagency.site/images/web-design-image.jpg]
[globalzenithagency.site/images/Global Zenith Agency   BB.png]
[globalzenithagency.site/services/gmb-verification.html]
[globalzenithagency.site/privacy-policy.html]
[globalzenithagency.site/terms]
[globalzenithagency.site/sitemap]
[globalzenithagency.site/index.html]
[cdn.jsdelivr.net/npm/bootstrap@5.3.0/dist/css/bootstrap.min.css]
[cdn.jsdelivr.net/npm/bootstrap@5.3.0/dist/js/bootstrap.bundle.min.js]
[cdn.jsdelivr.net/npm/bootstrap-icons@1.10.5/font/fonts/bootstrap-iconse52a.woff2]
[cdn.jsdelivr.net/npm/bootstrap-icons@1.10.5/font/fonts/bootstrap-iconse52a.woff]
[cdn.jsdelivr.net/npm/bootstrap-icons@1.10.5/font/bootstrap-icons.css]
[cdnjs.cloudflare.com/ajax/libs/font-awesome/6.4.0/css/all.min.css]
[unpkg.com/aos@2.3.1/dist/aos.css]
[globalzenithagency.site/images/services.webp]
[globalzenithagency.site/services.html]
[globalzenithagency.site/images/local-service-ads1.webp]
[globalzenithagency.site/images/google-search-ads.webp]
[globalzenithagency.site/images/display-network-ads.webp]
[globalzenithagency.site/images/youtube-ads.webp]
[globalzenithagency.site/images/shopping-ads.webp]
[globalzenithagency.site/images/performance-max.webp]
[globalzenithagency.site/images/local-service-ads.webp]
[globalzenithagency.site/services/google-ads.html]
[globalzenithagency.site/images/custom-web-design1.webp]
[globalzenithagency.site/images/custom-web-design.webp]
[globalzenithagency.site/images/ecommerce-development.webp]
[globalzenithagency.site/images/wordpress-development.webp]
[globalzenithagency.site/images/web-application.webp]
[globalzenithagency.site/images/ui-ux-design.webp]
[globalzenithagency.site/images/website-maintenance.webp]
[globalzenithagency.site/services/web-design.html]
[globalzenithagency.site/images/technical-seo1.webp]
[globalzenithagency.site/images/technical-seo.webp]
[globalzenithagency.site/images/onpage-seo.webp]
[globalzenithagency.site/images/local-seo.webp]
[globalzenithagency.site/images/ecommerce-seo.webp]
[globalzenithagency.site/images/seo-content.webp]
[globalzenithagency.site/images/international-seo.webp]
[globalzenithagency.site/services/seo.html]
[globalzenithagency.site/images/mobile-game-development1.webp]
[globalzenithagency.site/images/mobile-game-development.webp]
[globalzenithagency.site/images/pc-console-games.webp]
[globalzenithagency.site/images/ar-vr-games.webp]
[globalzenithagency.site/images/game-design-art.webp]
[globalzenithagency.site/images/game-testing-qa.webp]
[globalzenithagency.site/images/game-monetization.webp]
[globalzenithagency.site/services/game-development.html]
[globalzenithagency.site/images/ecommerce-product-ads1.webp]
[globalzenithagency.site/images/ecommerce-product-ads.webp]
[globalzenithagency.site/images/social-media-product-ads.webp]
[globalzenithagency.site/images/google-shopping-ads.webp]
[globalzenithagency.site/images/video-product-ads.webp]
[globalzenithagency.site/images/mobile-product-ads.webp]
[globalzenithagency.site/images/retargeting-product-ads.webp]
[globalzenithagency.site/services/product-advertising.html]
[globalzenithagency.site/images/logo-branding.webp]
[globalzenithagency.site/images/print-design.webp]
[globalzenithagency.site/images/digital-graphics.webp]
[globalzenithagency.site/images/illustration-design.webp]
[globalzenithagency.site/images/motion-graphics.webp]
[globalzenithagency.site/services/graphic-design.html]
[globalzenithagency.site/images/social-analytics-reporting.webp]
[globalzenithagency.site/images/social-media-strategy.webp]
[globalzenithagency.site/images/content-creation-management.webp]
[globalzenithagency.site/images/paid-social-advertising.webp]
[globalzenithagency.site/images/community-management.webp]
[globalzenithagency.site/images/influencer-marketing.webp]
[globalzenithagency.site/services/social-media.html]
[globalzenithagency.site/images/ecommerce-maintenance.webp]
[globalzenithagency.site/images/custom-ecommerce.webp]
[globalzenithagency.site/images/marketplace-development.webp]
[globalzenithagency.site/images/platform-migration.webp]
[globalzenithagency.site/images/mobile-commerce.webp]
[globalzenithagency.site/images/payment-integration.webp]
[globalzenithagency.site/services/ecommerce.html]
[globalzenithagency.site/images/ci-cd-pipeline.webp]
[globalzenithagency.site/images/cloud-deployment.webp]
[globalzenithagency.site/images/container-orchestration.webp]
[globalzenithagency.site/images/server-management.webp]
[globalzenithagency.site/images/database-deployment.webp]
[globalzenithagency.site/images/monitoring-optimization.webp]
[globalzenithagency.site/services/deployment.html]
[globalzenithagency.site/images/about1.webp]
[globalzenithagency.site/about.html]
[globalzenithagency.site/images/contact.webp]
[globalzenithagency.site/contact.html]
[globalzenithagency.site/services/graphic-designt.html]
[globalzenithagency.site/services/mobile-apps.html]
[globalzenithagency.site/images/gmb-basic-verification1.webp]
[globalzenithagency.site/images/gmb-basic-verification.webp]
[globalzenithagency.site/images/gmb-advanced-verification.webp]
[globalzenithagency.site/images/gmb-suspension-recovery.webp]
[globalzenithagency.site/images/gmb-optimization-package.webp]
[globalzenithagency.site/images/multi-location-gmb.webp]
[globalzenithagency.site/images/gmb-maintenance.webp]
[globalzenithagency.site/services/gmb-verification.html]
[globalzenithagency.site/privacy-policy.html]
[globalzenithagency.site/terms.html]
[globalzenithagency.site/sitemap.html]
